// Jest Snapshot v1, https://goo.gl/fbAQLP

exports[`Body component should render correctly 1`] = `
<HelmetWrapper
  defer={true}
  encodeSpecialCharacters={true}
>
  <body
    style="background: #123456"
  />
</HelmetWrapper>
`;
